
[2026-05-10T12:26:46] START run_enhanced_daily
# 热点催化与量化观察日报 - 2026-05-10

> 仅用于研究和教育，不构成投资建议或交易建议。

## 一、主题强度排名
    theme  theme_strength  stock_count  avg_pct_change  avg_volume_ratio  avg_turnover_million  catalyst_score_norm
   AMD产业链           79.48            5            4.22              1.54                1270.0                78.38
      PCB           74.43            2            4.35              1.55                1600.0                48.65
NVIDIA产业链           68.02           10            3.20              1.12                 769.0               100.00
      光通信           41.43            5            2.18              0.70                 268.0                72.97
       液冷            0.00            0            0.00              0.00                   0.0                 0.00

## 二、核心池
 symbol name  total_score pool  pct_change  turnover_million_cny  market_cap_billion_cny            reason
 301205 联特科技    82.545732 core         6.8                 950.0                      95 主题相关性较高；成交/资金强度较高

## 三、观察池
暂无观察池标的。

## 四、主要催化
    theme  catalyst_score  hit_count            top_keywords                                                      top_titles  catalyst_score_norm
NVIDIA产业链            18.5          8 AI服务器,光模块,NVIDIA,GPU,算力 NVIDIA相关AI服务器订单热度提升 | AMD新一代AI芯片产业链关注度升温 | 数据中心800G与1.6T光模块需求延续               100.00
   AMD产业链            14.5          5        服务器,GPU,AMD,AI芯片    NVIDIA相关AI服务器订单热度提升 | AMD新一代AI芯片产业链关注度升温 | AI服务器PCB价值量提升受到关注                78.38
      光通信            13.5          7   光模块,CPO,800G,1.6T,光通信                      NVIDIA相关AI服务器订单热度提升 | 数据中心800G与1.6T光模块需求延续                72.97
      PCB             9.0          4     PCB,HDI,高频高速,服务器PCB                                               AI服务器PCB价值量提升受到关注                48.65

## 五、风险提示
- 热点题材轮动较快，历史表现不代表未来结果。
- 小市值标的波动、流动性和回撤风险通常更高。
- 数据可能存在延迟、缺失或供应商口径差异，实际使用前请独立核验。

Saved reports/daily/daily_hot_pool_2026-05-10.md and .xlsx

[2026-05-10T12:26:53] START run_batch_backtest

[2026-05-10T12:26:53] START run_parameter_optimization
symbol status  total_return  annualized_return  max_drawdown    sharpe  trade_count  win_rate  avg_trade_return  profit_factor  sharpe_ratio
300502     ok      0.247065           0.250120     -0.214201  0.938010            6  0.500000          0.045439       2.500850      0.938010
300308     ok      0.078886           0.079794     -0.194956  0.474520            4  0.250000          0.029047       1.898806      0.474520
300548     ok      0.904258           0.917897     -0.104465  2.525362            5  0.600000          0.149376       8.902456      2.525362
301205     ok     -0.086664          -0.087581     -0.148030 -0.275454            6  0.333333         -0.014030       0.320153     -0.275454
300563     ok      0.099363           0.100517     -0.198310  0.486047            6  0.333333          0.024836       1.390126      0.486047
  2463     ok     -0.145099          -0.146583     -0.221105 -0.542432            6  0.333333         -0.023150       0.357371     -0.542432
300476     ok      0.904258           0.917897     -0.104465  2.525362            5  0.600000          0.149376       8.902456      2.525362
688629     ok      0.061573           0.062276     -0.208391  0.344737            8  0.375000          0.011592       1.329397      0.344737

Saved reports/backtests/batch_backtest.xlsx
strategy  short_window  long_window  total_return  annualized_return  max_drawdown    sharpe  trade_count  win_rate  avg_trade_return  profit_factor  sharpe_ratio  rsi_period  buy_threshold  sell_threshold
      MA          10.0         30.0      0.033458           0.024267     -0.252266  0.214538            5  0.400000         -0.008723       0.582467      0.214538         NaN            NaN             NaN
      MA          10.0         20.0     -0.017241          -0.012590     -0.249842  0.064999           10  0.300000          0.000138       0.920486      0.064999         NaN            NaN             NaN
      MA          10.0         60.0     -0.023032          -0.016833     -0.232687  0.018733            2  0.000000         -0.062349       0.000000      0.018733         NaN            NaN             NaN
      MA          15.0         20.0     -0.116034          -0.085937     -0.378791 -0.218508           10  0.500000         -0.009493       0.537766     -0.218508         NaN            NaN             NaN
      MA           5.0         60.0     -0.089472          -0.066007     -0.241244 -0.229249            2  0.000000         -0.096999       0.000000     -0.229249         NaN            NaN             NaN
      MA           5.0         30.0     -0.106960          -0.079111     -0.242683 -0.274555            7  0.285714         -0.018448       0.506202     -0.274555         NaN            NaN             NaN
      MA          15.0         60.0     -0.107858          -0.079786     -0.256566 -0.293208            2  0.000000         -0.102810       0.000000     -0.293208         NaN            NaN             NaN
      MA          15.0         30.0     -0.146215          -0.108781     -0.298465 -0.392815            5  0.200000         -0.037829       0.201026     -0.392815         NaN            NaN             NaN
      MA           5.0         20.0     -0.174900          -0.130696     -0.294191 -0.473839           10  0.300000         -0.020875       0.368876     -0.473839         NaN            NaN             NaN
     RSI           NaN          NaN      0.026838           0.019482     -0.281973  0.202936            4  0.500000          0.010963       1.179747      0.202936        14.0           30.0            70.0
     RSI           NaN          NaN     -0.047784          -0.035043     -0.373792  0.000306            4  0.500000         -0.005070       0.787216      0.000306        14.0           30.0            65.0
     RSI           NaN          NaN     -0.093152          -0.068759     -0.413675 -0.059892            2  0.000000         -0.092086       0.000000     -0.059892        14.0           30.0            75.0
     RSI           NaN          NaN     -0.092097          -0.067970     -0.358335 -0.082267            2  0.000000         -0.045514       0.000000     -0.082267        21.0           35.0            75.0
     RSI           NaN          NaN     -0.083407          -0.061479     -0.270313 -0.110095            3  0.666667         -0.021211       0.576148     -0.110095        21.0           30.0            65.0
     RSI           NaN          NaN     -0.087434          -0.064485     -0.289447 -0.138931            3  0.333333         -0.025994       0.513491     -0.138931        14.0           25.0            70.0
     RSI           NaN          NaN     -0.112967          -0.083628     -0.382107 -0.150816            5  0.600000         -0.017152       0.629688     -0.150816        14.0           35.0            70.0
     RSI           NaN          NaN     -0.126632          -0.093935     -0.368277 -0.168122            2  0.000000         -0.064530       0.000000     -0.168122        21.0           30.0            75.0
     RSI           NaN          NaN     -0.134403          -0.099815     -0.413670 -0.169656            2  0.000000         -0.095287       0.000000     -0.169656        14.0           35.0            75.0
     RSI           NaN          NaN     -0.145312          -0.108094     -0.390489 -0.245193            2  0.500000         -0.071047       0.074168     -0.245193        21.0           35.0            70.0
     RSI           NaN          NaN     -0.140183          -0.104198     -0.289847 -0.268387            3  0.333333         -0.043428       0.402769     -0.268387        21.0           35.0            65.0

Saved reports/optimized/parameter_optimization.xlsx

[2026-05-10T12:27:16] START run_enhanced_daily
# 热点催化与量化观察日报 - 2026-05-10

> 仅用于研究和教育，不构成投资建议或交易建议。

## 一、主题强度排名
    theme  theme_strength  stock_count  avg_pct_change  avg_volume_ratio  avg_turnover_million  catalyst_score_norm
   AMD产业链           79.48            5            4.22              1.54                1270.0                78.38
      PCB           74.43            2            4.35              1.55                1600.0                48.65
NVIDIA产业链           68.02           10            3.20              1.12                 769.0               100.00
      光通信           41.43            5            2.18              0.70                 268.0                72.97
       液冷            0.00            0            0.00              0.00                   0.0                 0.00

## 二、核心池
 symbol name  total_score pool  pct_change  turnover_million_cny  market_cap_billion_cny            reason
 301205 联特科技    82.545732 core         6.8                 950.0                      95 主题相关性较高；成交/资金强度较高

## 三、观察池
暂无观察池标的。

## 四、主要催化
    theme  catalyst_score  hit_count            top_keywords                                                      top_titles  catalyst_score_norm
NVIDIA产业链            18.5          8 AI服务器,光模块,NVIDIA,GPU,算力 NVIDIA相关AI服务器订单热度提升 | AMD新一代AI芯片产业链关注度升温 | 数据中心800G与1.6T光模块需求延续               100.00
   AMD产业链            14.5          5        服务器,GPU,AMD,AI芯片    NVIDIA相关AI服务器订单热度提升 | AMD新一代AI芯片产业链关注度升温 | AI服务器PCB价值量提升受到关注                78.38
      光通信            13.5          7   光模块,CPO,800G,1.6T,光通信                      NVIDIA相关AI服务器订单热度提升 | 数据中心800G与1.6T光模块需求延续                72.97
      PCB             9.0          4     PCB,HDI,高频高速,服务器PCB                                               AI服务器PCB价值量提升受到关注                48.65

## 五、风险提示
- 热点题材轮动较快，历史表现不代表未来结果。
- 小市值标的波动、流动性和回撤风险通常更高。
- 数据可能存在延迟、缺失或供应商口径差异，实际使用前请独立核验。

Saved reports/daily/daily_hot_pool_2026-05-10.md and .xlsx

[2026-05-10T12:27:16] START run_parameter_optimization
strategy  short_window  long_window  total_return  annualized_return  max_drawdown    sharpe  trade_count  win_rate  avg_trade_return  profit_factor  sharpe_ratio  rsi_period  buy_threshold  sell_threshold
      MA          10.0         30.0      0.033458           0.024267     -0.252266  0.214538            5  0.400000         -0.008723       0.582467      0.214538         NaN            NaN             NaN
      MA          10.0         20.0     -0.017241          -0.012590     -0.249842  0.064999           10  0.300000          0.000138       0.920486      0.064999         NaN            NaN             NaN
      MA          10.0         60.0     -0.023032          -0.016833     -0.232687  0.018733            2  0.000000         -0.062349       0.000000      0.018733         NaN            NaN             NaN
      MA          15.0         20.0     -0.116034          -0.085937     -0.378791 -0.218508           10  0.500000         -0.009493       0.537766     -0.218508         NaN            NaN             NaN
      MA           5.0         60.0     -0.089472          -0.066007     -0.241244 -0.229249            2  0.000000         -0.096999       0.000000     -0.229249         NaN            NaN             NaN
      MA           5.0         30.0     -0.106960          -0.079111     -0.242683 -0.274555            7  0.285714         -0.018448       0.506202     -0.274555         NaN            NaN             NaN
      MA          15.0         60.0     -0.107858          -0.079786     -0.256566 -0.293208            2  0.000000         -0.102810       0.000000     -0.293208         NaN            NaN             NaN
      MA          15.0         30.0     -0.146215          -0.108781     -0.298465 -0.392815            5  0.200000         -0.037829       0.201026     -0.392815         NaN            NaN             NaN
      MA           5.0         20.0     -0.174900          -0.130696     -0.294191 -0.473839           10  0.300000         -0.020875       0.368876     -0.473839         NaN            NaN             NaN
     RSI           NaN          NaN      0.026838           0.019482     -0.281973  0.202936            4  0.500000          0.010963       1.179747      0.202936        14.0           30.0            70.0
     RSI           NaN          NaN     -0.047784          -0.035043     -0.373792  0.000306            4  0.500000         -0.005070       0.787216      0.000306        14.0           30.0            65.0
     RSI           NaN          NaN     -0.093152          -0.068759     -0.413675 -0.059892            2  0.000000         -0.092086       0.000000     -0.059892        14.0           30.0            75.0
     RSI           NaN          NaN     -0.092097          -0.067970     -0.358335 -0.082267            2  0.000000         -0.045514       0.000000     -0.082267        21.0           35.0            75.0
     RSI           NaN          NaN     -0.083407          -0.061479     -0.270313 -0.110095            3  0.666667         -0.021211       0.576148     -0.110095        21.0           30.0            65.0
     RSI           NaN          NaN     -0.087434          -0.064485     -0.289447 -0.138931            3  0.333333         -0.025994       0.513491     -0.138931        14.0           25.0            70.0
     RSI           NaN          NaN     -0.112967          -0.083628     -0.382107 -0.150816            5  0.600000         -0.017152       0.629688     -0.150816        14.0           35.0            70.0
     RSI           NaN          NaN     -0.126632          -0.093935     -0.368277 -0.168122            2  0.000000         -0.064530       0.000000     -0.168122        21.0           30.0            75.0
     RSI           NaN          NaN     -0.134403          -0.099815     -0.413670 -0.169656            2  0.000000         -0.095287       0.000000     -0.169656        14.0           35.0            75.0
     RSI           NaN          NaN     -0.145312          -0.108094     -0.390489 -0.245193            2  0.500000         -0.071047       0.074168     -0.245193        21.0           35.0            70.0
     RSI           NaN          NaN     -0.140183          -0.104198     -0.289847 -0.268387            3  0.333333         -0.043428       0.402769     -0.268387        21.0           35.0            65.0

Saved reports/optimized/parameter_optimization.xlsx

[2026-05-10T12:27:17] START run_batch_backtest
symbol status  total_return  annualized_return  max_drawdown    sharpe  trade_count  win_rate  avg_trade_return  profit_factor  sharpe_ratio
300502     ok      0.247065           0.250120     -0.214201  0.938010            6  0.500000          0.045439       2.500850      0.938010
300308     ok      0.078886           0.079794     -0.194956  0.474520            4  0.250000          0.029047       1.898806      0.474520
300548     ok      0.904258           0.917897     -0.104465  2.525362            5  0.600000          0.149376       8.902456      2.525362
301205     ok     -0.086664          -0.087581     -0.148030 -0.275454            6  0.333333         -0.014030       0.320153     -0.275454
300563     ok      0.099363           0.100517     -0.198310  0.486047            6  0.333333          0.024836       1.390126      0.486047
  2463     ok     -0.145099          -0.146583     -0.221105 -0.542432            6  0.333333         -0.023150       0.357371     -0.542432
300476     ok      0.904258           0.917897     -0.104465  2.525362            5  0.600000          0.149376       8.902456      2.525362
688629     ok      0.061573           0.062276     -0.208391  0.344737            8  0.375000          0.011592       1.329397      0.344737

Saved reports/backtests/batch_backtest.xlsx

[2026-05-10T12:33:36] START run_enhanced_daily
# 热点催化与量化观察日报 - 2026-05-10

> 仅用于研究和教育，不构成投资建议或交易建议。

## 0. 今日研究结论
- 今日最强主线：AMD产业链，主题强度 79.48，样本数量 5。
- 量化池状态：核心池 1 个，观察池 0 个。
- 今日用途：用于盘后复盘、次日观察清单整理和数据核验，不作为交易指令。

## 1. 今日主线与催化
- AMD产业链：强度 79.48，平均涨幅 4.22%，平均成交额 1270.00 百万元，关键词 服务器,GPU,AMD,AI芯片。
- PCB：强度 74.43，平均涨幅 4.35%，平均成交额 1600.00 百万元，关键词 PCB,HDI,高频高速,服务器PCB。
- NVIDIA产业链：强度 68.02，平均涨幅 3.20%，平均成交额 769.00 百万元，关键词 AI服务器,光模块,NVIDIA,GPU,算力。

## 2. 主题强度排名
    theme  theme_strength  stock_count  avg_pct_change  avg_volume_ratio  avg_turnover_million  catalyst_score_norm
   AMD产业链           79.48            5            4.22              1.54                1270.0                78.38
      PCB           74.43            2            4.35              1.55                1600.0                48.65
NVIDIA产业链           68.02           10            3.20              1.12                 769.0               100.00
      光通信           41.43            5            2.18              0.70                 268.0                72.97
       液冷            0.00            0            0.00              0.00                   0.0                 0.00

## 3. 研究池
### 3.1 核心池
 symbol name  total_score pool  pct_change  turnover_million_cny  market_cap_billion_cny            reason
 301205 联特科技    82.545732 core         6.8                 950.0                      95 主题相关性较高；成交/资金强度较高

### 3.2 观察池
暂无观察池标的。

## 4. 明日跟踪问题
- 跟踪对象：联特科技。
- 盘面验证：主题是否继续放量，是否从单点标的扩散到产业链多个环节。
- 风险核验：是否存在一日脉冲、消息证伪、成交缩量或高位回撤。

## 5. 主要催化明细
    theme  catalyst_score  hit_count            top_keywords                                                      top_titles  catalyst_score_norm
NVIDIA产业链            18.5          8 AI服务器,光模块,NVIDIA,GPU,算力 NVIDIA相关AI服务器订单热度提升 | AMD新一代AI芯片产业链关注度升温 | 数据中心800G与1.6T光模块需求延续               100.00
   AMD产业链            14.5          5        服务器,GPU,AMD,AI芯片    NVIDIA相关AI服务器订单热度提升 | AMD新一代AI芯片产业链关注度升温 | AI服务器PCB价值量提升受到关注                78.38
      光通信            13.5          7   光模块,CPO,800G,1.6T,光通信                      NVIDIA相关AI服务器订单热度提升 | 数据中心800G与1.6T光模块需求延续                72.97
      PCB             9.0          4     PCB,HDI,高频高速,服务器PCB                                               AI服务器PCB价值量提升受到关注                48.65

## 6. 数据状态
- 当前日报由本地样例数据生成；接入真实数据源前，需要人工核验行情、新闻和成交额口径。
- 输出目录：`reports/daily/`；运行日志：`logs/app.log`。

## 7. 风险提示
- 热点题材轮动较快，历史表现不代表未来结果。
- 小市值标的波动、流动性和回撤风险通常更高。
- 数据可能存在延迟、缺失或供应商口径差异，实际使用前请独立核验。

Saved reports/daily/daily_hot_pool_2026-05-10.md and .xlsx

[2026-05-10T12:51:54] START run_enhanced_daily
# 热点催化与量化观察日报 - 2026-05-10

> 仅用于研究和教育，不构成投资建议或交易建议。

## 0. 今日研究结论
- 今日最强主线：AMD产业链，主题强度 79.48，样本数量 5。
- 量化池状态：核心池 1 个，观察池 0 个。
- 今日用途：用于盘后复盘、次日观察清单整理和数据核验，不作为交易指令。

## 1. 今日主线与催化
- AMD产业链：强度 79.48，平均涨幅 4.22%，平均成交额 1270.00 百万元，关键词 服务器,GPU,AMD,AI芯片。
- PCB：强度 74.43，平均涨幅 4.35%，平均成交额 1600.00 百万元，关键词 PCB,HDI,高频高速,服务器PCB。
- NVIDIA产业链：强度 68.02，平均涨幅 3.20%，平均成交额 769.00 百万元，关键词 AI服务器,光模块,NVIDIA,GPU,算力。

## 2. 主题强度排名
    theme  theme_strength  stock_count  avg_pct_change  avg_volume_ratio  avg_turnover_million  catalyst_score_norm
   AMD产业链           79.48            5            4.22              1.54                1270.0                78.38
      PCB           74.43            2            4.35              1.55                1600.0                48.65
NVIDIA产业链           68.02           10            3.20              1.12                 769.0               100.00
      光通信           41.43            5            2.18              0.70                 268.0                72.97
       液冷            0.00            0            0.00              0.00                   0.0                 0.00

## 3. 研究池
### 3.1 核心池
 symbol name  total_score pool  pct_change  turnover_million_cny  market_cap_billion_cny            reason
 301205 联特科技    82.545732 core         6.8                 950.0                      95 主题相关性较高；成交/资金强度较高

### 3.2 观察池
暂无观察池标的。

## 4. 明日跟踪问题
- 跟踪对象：联特科技。
- 盘面验证：主题是否继续放量，是否从单点标的扩散到产业链多个环节。
- 风险核验：是否存在一日脉冲、消息证伪、成交缩量或高位回撤。

## 5. 主要催化明细
    theme  catalyst_score  hit_count            top_keywords                                                      top_titles  catalyst_score_norm
NVIDIA产业链            18.5          8 AI服务器,光模块,NVIDIA,GPU,算力 NVIDIA相关AI服务器订单热度提升 | AMD新一代AI芯片产业链关注度升温 | 数据中心800G与1.6T光模块需求延续               100.00
   AMD产业链            14.5          5        服务器,GPU,AMD,AI芯片    NVIDIA相关AI服务器订单热度提升 | AMD新一代AI芯片产业链关注度升温 | AI服务器PCB价值量提升受到关注                78.38
      光通信            13.5          7   光模块,CPO,800G,1.6T,光通信                      NVIDIA相关AI服务器订单热度提升 | 数据中心800G与1.6T光模块需求延续                72.97
      PCB             9.0          4     PCB,HDI,高频高速,服务器PCB                                               AI服务器PCB价值量提升受到关注                48.65

## 6. 数据状态
- 当前日报由本地样例数据生成；接入真实数据源前，需要人工核验行情、新闻和成交额口径。
- 输出目录：`reports/daily/`；运行日志：`logs/app.log`。

## 7. 风险提示
- 热点题材轮动较快，历史表现不代表未来结果。
- 小市值标的波动、流动性和回撤风险通常更高。
- 数据可能存在延迟、缺失或供应商口径差异，实际使用前请独立核验。

Saved reports/daily/daily_hot_pool_2026-05-10.md, .html and .xlsx

[2026-05-10T12:52:25] START run_enhanced_daily
# 热点催化与量化观察日报 - 2026-05-10

> 仅用于研究和教育，不构成投资建议或交易建议。

## 0. 今日研究结论
- 今日最强主线：AMD产业链，主题强度 79.48，样本数量 5。
- 量化池状态：核心池 1 个，观察池 0 个。
- 今日用途：用于盘后复盘、次日观察清单整理和数据核验，不作为交易指令。

## 1. 今日主线与催化
- AMD产业链：强度 79.48，平均涨幅 4.22%，平均成交额 1270.00 百万元，关键词 服务器,GPU,AMD,AI芯片。
- PCB：强度 74.43，平均涨幅 4.35%，平均成交额 1600.00 百万元，关键词 PCB,HDI,高频高速,服务器PCB。
- NVIDIA产业链：强度 68.02，平均涨幅 3.20%，平均成交额 769.00 百万元，关键词 AI服务器,光模块,NVIDIA,GPU,算力。

## 2. 主题强度排名
    theme  theme_strength  stock_count  avg_pct_change  avg_volume_ratio  avg_turnover_million  catalyst_score_norm
   AMD产业链           79.48            5            4.22              1.54                1270.0                78.38
      PCB           74.43            2            4.35              1.55                1600.0                48.65
NVIDIA产业链           68.02           10            3.20              1.12                 769.0               100.00
      光通信           41.43            5            2.18              0.70                 268.0                72.97
       液冷            0.00            0            0.00              0.00                   0.0                 0.00

## 3. 研究池
### 3.1 核心池
 symbol name  total_score pool  pct_change  turnover_million_cny  market_cap_billion_cny            reason
 301205 联特科技    82.545732 core         6.8                 950.0                      95 主题相关性较高；成交/资金强度较高

### 3.2 观察池
暂无观察池标的。

## 4. 明日跟踪问题
- 跟踪对象：联特科技。
- 盘面验证：主题是否继续放量，是否从单点标的扩散到产业链多个环节。
- 风险核验：是否存在一日脉冲、消息证伪、成交缩量或高位回撤。

## 5. 主要催化明细
    theme  catalyst_score  hit_count            top_keywords                                                      top_titles  catalyst_score_norm
NVIDIA产业链            18.5          8 AI服务器,光模块,NVIDIA,GPU,算力 NVIDIA相关AI服务器订单热度提升 | AMD新一代AI芯片产业链关注度升温 | 数据中心800G与1.6T光模块需求延续               100.00
   AMD产业链            14.5          5        服务器,GPU,AMD,AI芯片    NVIDIA相关AI服务器订单热度提升 | AMD新一代AI芯片产业链关注度升温 | AI服务器PCB价值量提升受到关注                78.38
      光通信            13.5          7   光模块,CPO,800G,1.6T,光通信                      NVIDIA相关AI服务器订单热度提升 | 数据中心800G与1.6T光模块需求延续                72.97
      PCB             9.0          4     PCB,HDI,高频高速,服务器PCB                                               AI服务器PCB价值量提升受到关注                48.65

## 6. 数据状态
- 当前日报由本地样例数据生成；接入真实数据源前，需要人工核验行情、新闻和成交额口径。
- 输出目录：`reports/daily/`；运行日志：`logs/app.log`。

## 7. 风险提示
- 热点题材轮动较快，历史表现不代表未来结果。
- 小市值标的波动、流动性和回撤风险通常更高。
- 数据可能存在延迟、缺失或供应商口径差异，实际使用前请独立核验。

Saved reports/daily/daily_hot_pool_2026-05-10.md, .html, .xlsx and reports/daily/latest.html

[2026-05-10T13:11:14] START run_enhanced_daily
# 热点催化与量化观察日报 - 2026-05-10

> 仅用于研究和教育，不构成投资建议或交易建议。

## 0. 今日研究结论
- 今日最强主线：AMD产业链，主题强度 79.48，样本数量 5。
- 量化池状态：核心池 1 个，观察池 0 个。
- 今日用途：用于盘后复盘、次日观察清单整理和数据核验，不作为交易指令。

## 1. 今日主线与催化
- AMD产业链：强度 79.48，平均涨幅 4.22%，平均成交额 1270.00 百万元，关键词 服务器,GPU,AMD,AI芯片。
- PCB：强度 74.43，平均涨幅 4.35%，平均成交额 1600.00 百万元，关键词 PCB,HDI,高频高速,服务器PCB。
- NVIDIA产业链：强度 68.02，平均涨幅 3.20%，平均成交额 769.00 百万元，关键词 AI服务器,光模块,NVIDIA,GPU,算力。

## 2. 主题强度排名
    theme  theme_strength  stock_count  avg_pct_change  avg_volume_ratio  avg_turnover_million  catalyst_score_norm
   AMD产业链           79.48            5            4.22              1.54                1270.0                78.38
      PCB           74.43            2            4.35              1.55                1600.0                48.65
NVIDIA产业链           68.02           10            3.20              1.12                 769.0               100.00
      光通信           41.43            5            2.18              0.70                 268.0                72.97
       液冷            0.00            0            0.00              0.00                   0.0                 0.00

## 3. 研究池
### 3.1 核心池
 symbol name  total_score pool  pct_change  turnover_million_cny  market_cap_billion_cny            reason
 301205 联特科技    82.545732 core         6.8                 950.0                      95 主题相关性较高；成交/资金强度较高

### 3.2 观察池
暂无观察池标的。

## 4. 明日跟踪问题
- 跟踪对象：联特科技。
- 盘面验证：主题是否继续放量，是否从单点标的扩散到产业链多个环节。
- 风险核验：是否存在一日脉冲、消息证伪、成交缩量或高位回撤。

## 5. 主要催化明细
    theme  catalyst_score  hit_count            top_keywords                                                      top_titles  catalyst_score_norm
NVIDIA产业链            18.5          8 AI服务器,光模块,NVIDIA,GPU,算力 NVIDIA相关AI服务器订单热度提升 | AMD新一代AI芯片产业链关注度升温 | 数据中心800G与1.6T光模块需求延续               100.00
   AMD产业链            14.5          5        服务器,GPU,AMD,AI芯片    NVIDIA相关AI服务器订单热度提升 | AMD新一代AI芯片产业链关注度升温 | AI服务器PCB价值量提升受到关注                78.38
      光通信            13.5          7   光模块,CPO,800G,1.6T,光通信                      NVIDIA相关AI服务器订单热度提升 | 数据中心800G与1.6T光模块需求延续                72.97
      PCB             9.0          4     PCB,HDI,高频高速,服务器PCB                                               AI服务器PCB价值量提升受到关注                48.65

## 6. 数据状态
- 当前日报由本地样例数据生成；接入真实数据源前，需要人工核验行情、新闻和成交额口径。
- 输出目录：`reports/daily/`；运行日志：`logs/app.log`。

## 7. 风险提示
- 热点题材轮动较快，历史表现不代表未来结果。
- 小市值标的波动、流动性和回撤风险通常更高。
- 数据可能存在延迟、缺失或供应商口径差异，实际使用前请独立核验。

Saved reports/daily/daily_hot_pool_2026-05-10.md, .html, .xlsx and reports/daily/latest.html

[2026-05-10T13:11:24] START run_enhanced_daily
# 热点催化与量化观察日报 - 2026-05-10

> 仅用于研究和教育，不构成投资建议或交易建议。

## 0. 今日研究结论
- 今日最强主线：AMD产业链，主题强度 79.48，样本数量 5。
- 量化池状态：核心池 1 个，观察池 0 个。
- 今日用途：用于盘后复盘、次日观察清单整理和数据核验，不作为交易指令。

## 1. 今日主线与催化
- AMD产业链：强度 79.48，平均涨幅 4.22%，平均成交额 1270.00 百万元，关键词 服务器,GPU,AMD,AI芯片。
- PCB：强度 74.43，平均涨幅 4.35%，平均成交额 1600.00 百万元，关键词 PCB,HDI,高频高速,服务器PCB。
- NVIDIA产业链：强度 68.02，平均涨幅 3.20%，平均成交额 769.00 百万元，关键词 AI服务器,光模块,NVIDIA,GPU,算力。

## 2. 主题强度排名
    theme  theme_strength  stock_count  avg_pct_change  avg_volume_ratio  avg_turnover_million  catalyst_score_norm
   AMD产业链           79.48            5            4.22              1.54                1270.0                78.38
      PCB           74.43            2            4.35              1.55                1600.0                48.65
NVIDIA产业链           68.02           10            3.20              1.12                 769.0               100.00
      光通信           41.43            5            2.18              0.70                 268.0                72.97
       液冷            0.00            0            0.00              0.00                   0.0                 0.00

## 3. 研究池
### 3.1 核心池
 symbol name  total_score pool  pct_change  turnover_million_cny  market_cap_billion_cny            reason
 301205 联特科技    82.545732 core         6.8                 950.0                      95 主题相关性较高；成交/资金强度较高

### 3.2 观察池
暂无观察池标的。

## 4. 明日跟踪问题
- 跟踪对象：联特科技。
- 盘面验证：主题是否继续放量，是否从单点标的扩散到产业链多个环节。
- 风险核验：是否存在一日脉冲、消息证伪、成交缩量或高位回撤。

## 5. 主要催化明细
    theme  catalyst_score  hit_count            top_keywords                                                      top_titles  catalyst_score_norm
NVIDIA产业链            18.5          8 AI服务器,光模块,NVIDIA,GPU,算力 NVIDIA相关AI服务器订单热度提升 | AMD新一代AI芯片产业链关注度升温 | 数据中心800G与1.6T光模块需求延续               100.00
   AMD产业链            14.5          5        服务器,GPU,AMD,AI芯片    NVIDIA相关AI服务器订单热度提升 | AMD新一代AI芯片产业链关注度升温 | AI服务器PCB价值量提升受到关注                78.38
      光通信            13.5          7   光模块,CPO,800G,1.6T,光通信                      NVIDIA相关AI服务器订单热度提升 | 数据中心800G与1.6T光模块需求延续                72.97
      PCB             9.0          4     PCB,HDI,高频高速,服务器PCB                                               AI服务器PCB价值量提升受到关注                48.65

## 6. 数据状态
- 当前日报由本地样例数据生成；接入真实数据源前，需要人工核验行情、新闻和成交额口径。
- 输出目录：`reports/daily/`；运行日志：`logs/app.log`。

## 7. 风险提示
- 热点题材轮动较快，历史表现不代表未来结果。
- 小市值标的波动、流动性和回撤风险通常更高。
- 数据可能存在延迟、缺失或供应商口径差异，实际使用前请独立核验。

Saved reports/daily/daily_hot_pool_2026-05-10.md, .html, .xlsx and reports/daily/latest.html

[2026-05-10T17:40:13] START run_enhanced_daily
# 热点催化与量化观察日报 - 2026-05-10

> 仅用于研究和教育，不构成投资建议或交易建议。

## 0. 今日研究结论
- 今日最强主线：AMD产业链，主题强度 79.48，样本数量 5。
- 量化池状态：核心池 1 个，观察池 0 个。
- 今日用途：用于盘后复盘、次日观察清单整理和数据核验，不作为交易指令。

## 1. 今日主线与催化
- AMD产业链：强度 79.48，平均涨幅 4.22%，平均成交额 1270.00 百万元，关键词 服务器,GPU,AMD,AI芯片。
- PCB：强度 74.43，平均涨幅 4.35%，平均成交额 1600.00 百万元，关键词 PCB,HDI,高频高速,服务器PCB。
- NVIDIA产业链：强度 68.02，平均涨幅 3.20%，平均成交额 769.00 百万元，关键词 AI服务器,光模块,NVIDIA,GPU,算力。

## 2. 主题强度排名
    theme  theme_strength  stock_count  avg_pct_change  avg_volume_ratio  avg_turnover_million  catalyst_score_norm
   AMD产业链           79.48            5            4.22              1.54                1270.0                78.38
      PCB           74.43            2            4.35              1.55                1600.0                48.65
NVIDIA产业链           68.02           10            3.20              1.12                 769.0               100.00
      光通信           41.43            5            2.18              0.70                 268.0                72.97
       液冷            0.00            0            0.00              0.00                   0.0                 0.00

## 3. 研究池
### 3.1 核心池
 symbol name  total_score pool  pct_change  turnover_million_cny  market_cap_billion_cny            reason
 301205 联特科技    82.545732 core         6.8                 950.0                      95 主题相关性较高；成交/资金强度较高

### 3.2 观察池
暂无观察池标的。

## 4. 明日跟踪问题
- 跟踪对象：联特科技。
- 盘面验证：主题是否继续放量，是否从单点标的扩散到产业链多个环节。
- 风险核验：是否存在一日脉冲、消息证伪、成交缩量或高位回撤。

## 5. 主要催化明细
    theme  catalyst_score  hit_count            top_keywords                                                      top_titles  catalyst_score_norm
NVIDIA产业链            18.5          8 AI服务器,光模块,NVIDIA,GPU,算力 NVIDIA相关AI服务器订单热度提升 | AMD新一代AI芯片产业链关注度升温 | 数据中心800G与1.6T光模块需求延续               100.00
   AMD产业链            14.5          5        服务器,GPU,AMD,AI芯片    NVIDIA相关AI服务器订单热度提升 | AMD新一代AI芯片产业链关注度升温 | AI服务器PCB价值量提升受到关注                78.38
      光通信            13.5          7   光模块,CPO,800G,1.6T,光通信                      NVIDIA相关AI服务器订单热度提升 | 数据中心800G与1.6T光模块需求延续                72.97
      PCB             9.0          4     PCB,HDI,高频高速,服务器PCB                                               AI服务器PCB价值量提升受到关注                48.65

## 6. 数据状态
- 当前日报由本地样例数据生成；接入真实数据源前，需要人工核验行情、新闻和成交额口径。
- 输出目录：`reports/daily/`；运行日志：`logs/app.log`。

## 7. 风险提示
- 热点题材轮动较快，历史表现不代表未来结果。
- 小市值标的波动、流动性和回撤风险通常更高。
- 数据可能存在延迟、缺失或供应商口径差异，实际使用前请独立核验。

Saved reports/daily/daily_hot_pool_2026-05-10.md, .html, .xlsx and reports/daily/latest.html

[2026-05-10T20:47:40] START run_enhanced_daily
# 热点催化与量化观察日报 - 2026-05-10

> 仅用于研究和教育，不构成投资建议或交易建议。

## 0. 今日研究结论
- 今日最强主线：AMD产业链，主题强度 79.48，样本数量 5。
- 量化池状态：核心池 1 个，观察池 0 个。
- 今日用途：用于盘后复盘、次日观察清单整理和数据核验，不作为交易指令。

## 1. 今日主线与催化
- AMD产业链：强度 79.48，平均涨幅 4.22%，平均成交额 1270.00 百万元，关键词 服务器,GPU,AMD,AI芯片。
- PCB：强度 74.43，平均涨幅 4.35%，平均成交额 1600.00 百万元，关键词 PCB,HDI,高频高速,服务器PCB。
- NVIDIA产业链：强度 68.02，平均涨幅 3.20%，平均成交额 769.00 百万元，关键词 AI服务器,光模块,NVIDIA,GPU,算力。

## 2. 主题强度排名
    theme  theme_strength  stock_count  avg_pct_change  avg_volume_ratio  avg_turnover_million  catalyst_score_norm
   AMD产业链           79.48            5            4.22              1.54                1270.0                78.38
      PCB           74.43            2            4.35              1.55                1600.0                48.65
NVIDIA产业链           68.02           10            3.20              1.12                 769.0               100.00
      光通信           41.43            5            2.18              0.70                 268.0                72.97
       液冷            0.00            0            0.00              0.00                   0.0                 0.00

## 3. 研究池
### 3.1 核心池
 symbol name  total_score pool  pct_change  turnover_million_cny  market_cap_billion_cny            reason
 301205 联特科技    82.545732 core         6.8                 950.0                      95 主题相关性较高；成交/资金强度较高

### 3.2 观察池
暂无观察池标的。

## 4. 明日跟踪问题
- 跟踪对象：联特科技。
- 盘面验证：主题是否继续放量，是否从单点标的扩散到产业链多个环节。
- 风险核验：是否存在一日脉冲、消息证伪、成交缩量或高位回撤。

## 5. 主要催化明细
    theme  catalyst_score  hit_count            top_keywords                                                      top_titles  catalyst_score_norm
NVIDIA产业链            18.5          8 AI服务器,光模块,NVIDIA,GPU,算力 NVIDIA相关AI服务器订单热度提升 | AMD新一代AI芯片产业链关注度升温 | 数据中心800G与1.6T光模块需求延续               100.00
   AMD产业链            14.5          5        服务器,GPU,AMD,AI芯片    NVIDIA相关AI服务器订单热度提升 | AMD新一代AI芯片产业链关注度升温 | AI服务器PCB价值量提升受到关注                78.38
      光通信            13.5          7   光模块,CPO,800G,1.6T,光通信                      NVIDIA相关AI服务器订单热度提升 | 数据中心800G与1.6T光模块需求延续                72.97
      PCB             9.0          4     PCB,HDI,高频高速,服务器PCB                                               AI服务器PCB价值量提升受到关注                48.65

## 6. 数据状态
- 当前日报由本地样例数据生成；接入真实数据源前，需要人工核验行情、新闻和成交额口径。
- 输出目录：`reports/daily/`；运行日志：`logs/app.log`。

## 7. 风险提示
- 热点题材轮动较快，历史表现不代表未来结果。
- 小市值标的波动、流动性和回撤风险通常更高。
- 数据可能存在延迟、缺失或供应商口径差异，实际使用前请独立核验。

Saved reports/daily/daily_hot_pool_2026-05-10.md, .html, .xlsx and reports/daily/latest.html

[2026-05-10T20:59:11] START run_enhanced_daily
# 热点催化与量化观察日报 - 2026-05-10

> 仅用于研究和教育，不构成投资建议或交易建议。

## 0. 今日研究结论
- 今日最强主线：AMD产业链，主题强度 79.48，样本数量 5。
- 量化池状态：核心池 1 个，观察池 0 个。
- 今日用途：用于盘后复盘、次日观察清单整理和数据核验，不作为交易指令。

## 1. 今日主线与催化
- AMD产业链：强度 79.48，平均涨幅 4.22%，平均成交额 1270.00 百万元，关键词 服务器,GPU,AMD,AI芯片。
- PCB：强度 74.43，平均涨幅 4.35%，平均成交额 1600.00 百万元，关键词 PCB,HDI,高频高速,服务器PCB。
- NVIDIA产业链：强度 68.02，平均涨幅 3.20%，平均成交额 769.00 百万元，关键词 AI服务器,光模块,NVIDIA,GPU,算力。

## 2. 主题强度排名
    theme  theme_strength  stock_count  avg_pct_change  avg_volume_ratio  avg_turnover_million  catalyst_score_norm
   AMD产业链           79.48            5            4.22              1.54                1270.0                78.38
      PCB           74.43            2            4.35              1.55                1600.0                48.65
NVIDIA产业链           68.02           10            3.20              1.12                 769.0               100.00
      光通信           41.43            5            2.18              0.70                 268.0                72.97
       液冷            0.00            0            0.00              0.00                   0.0                 0.00

## 3. 研究池
### 3.1 核心池
 symbol name  total_score pool  pct_change  turnover_million_cny  market_cap_billion_cny            reason
 301205 联特科技    82.545732 core         6.8                 950.0                      95 主题相关性较高；成交/资金强度较高

### 3.2 观察池
暂无观察池标的。

## 4. 明日跟踪问题
- 跟踪对象：联特科技。
- 盘面验证：主题是否继续放量，是否从单点标的扩散到产业链多个环节。
- 风险核验：是否存在一日脉冲、消息证伪、成交缩量或高位回撤。

## 5. 主要催化明细
    theme  catalyst_score  hit_count            top_keywords                                                      top_titles  catalyst_score_norm
NVIDIA产业链            18.5          8 AI服务器,光模块,NVIDIA,GPU,算力 NVIDIA相关AI服务器订单热度提升 | AMD新一代AI芯片产业链关注度升温 | 数据中心800G与1.6T光模块需求延续               100.00
   AMD产业链            14.5          5        服务器,GPU,AMD,AI芯片    NVIDIA相关AI服务器订单热度提升 | AMD新一代AI芯片产业链关注度升温 | AI服务器PCB价值量提升受到关注                78.38
      光通信            13.5          7   光模块,CPO,800G,1.6T,光通信                      NVIDIA相关AI服务器订单热度提升 | 数据中心800G与1.6T光模块需求延续                72.97
      PCB             9.0          4     PCB,HDI,高频高速,服务器PCB                                               AI服务器PCB价值量提升受到关注                48.65

## 6. 数据状态
- 当前日报由本地样例数据生成；接入真实数据源前，需要人工核验行情、新闻和成交额口径。
- 输出目录：`reports/daily/`；运行日志：`logs/app.log`。

## 7. 风险提示
- 热点题材轮动较快，历史表现不代表未来结果。
- 小市值标的波动、流动性和回撤风险通常更高。
- 数据可能存在延迟、缺失或供应商口径差异，实际使用前请独立核验。

Saved reports/daily/daily_hot_pool_2026-05-10.md, .html, .xlsx and reports/daily/latest.html
